// Jest Snapshot v1, https://goo.gl/fbAQLP

exports[`Comment Detail matches snapshot 1`] = `null`;
