// Jest Snapshot v1, https://goo.gl/fbAQLP

exports[`CreatePortal matches snapshot 1`] = `
<div>
  <button
    className="btn btn-primary"
    disabled={false}
    id="createBtn"
    onClick={[Function]}
    style={
      Object {
        "backgroundColor": "#F8B114",
        "border": "none",
      }
    }
    type="button"
  >
    Create A Post
  </button>
</div>
`;
