// Jest Snapshot v1, https://goo.gl/fbAQLP

exports[`Edit profile matches snapshot 1`] = `null`;
