// Jest Snapshot v1, https://goo.gl/fbAQLP

exports[`Flag post matches snapshot 1`] = `null`;
