// Jest Snapshot v1, https://goo.gl/fbAQLP

exports[`ForgotUsername popup matches snapshot 1`] = `null`;
