// Jest Snapshot v1, https://goo.gl/fbAQLP

exports[`Invite User Snapshot 1`] = `null`;
