// Jest Snapshot v1, https://goo.gl/fbAQLP

exports[`Comment Detail matches snapshot 1`] = `
<div
  className="popup-box"
>
  <div
    className="box"
  >
    <button
      className="close-icon"
      type="button"
    >
      x
    </button>
  </div>
</div>
`;
