// Jest Snapshot v1, https://goo.gl/fbAQLP

exports[`Public Group Snapshot 1`] = `null`;
