// Jest Snapshot v1, https://goo.gl/fbAQLP

exports[`Chat page matches snapshot 1`] = `null`;
