// Jest Snapshot v1, https://goo.gl/fbAQLP

exports[`Profile page matches snapshot 1`] = `null`;
