// Jest Snapshot v1, https://goo.gl/fbAQLP

exports[`SpecificPost matches snapshot 1`] = `null`;
